/home/stryker/Documents/takeHomeTask/venv/bin/python3: No module named uvicorn
